../Core/Src/main.c:80:5:_write	24	static
../Core/Src/main.c:85:6:sendString	16	static
../Core/Src/main.c:96:5:main	136	static
../Core/Src/main.c:193:6:SystemClock_Config	88	static
../Core/Src/main.c:240:13:MX_I2C1_Init	8	static
../Core/Src/main.c:274:13:MX_I2C2_Init	8	static
../Core/Src/main.c:308:13:MX_TIM2_Init	32	static
../Core/Src/main.c:353:13:MX_USART1_UART_Init	8	static
../Core/Src/main.c:386:13:MX_USART2_UART_Init	8	static
../Core/Src/main.c:419:13:MX_GPIO_Init	48	static
../Core/Src/main.c:449:6:Error_Handler	4	static,ignoring_inline_asm
